// Jest Snapshot v1, https://goo.gl/fbAQLP

exports[`DogCard renders correctly with given dog data 1`] = `
<View
  style={
    {
      "backgroundColor": "#fff",
      "borderRadius": 8,
      "flex": 1,
      "margin": 10,
      "overflow": "hidden",
    }
  }
>
  <View
    style={
      [
        {
          "overflow": "hidden",
        },
        {
          "borderTopLeftRadius": 8,
          "borderTopRightRadius": 8,
          "height": 150,
          "width": "100%",
        },
      ]
    }
  >
    <FastImageView
      defaultSource={null}
      resizeMode="cover"
      style={
        {
          "bottom": 0,
          "left": 0,
          "position": "absolute",
          "right": 0,
          "top": 0,
        }
      }
    />
  </View>
  <View
    style={
      {
        "padding": 10,
      }
    }
  >
    <Text
      style={
        {
          "fontSize": 16,
          "fontWeight": "bold",
        }
      }
    >
      Chow Chow
    </Text>
    <Text
      numberOfLines={2}
      style={
        {
          "color": "#666",
          "fontSize": 14,
        }
      }
    >
      Guardian, cart pulling, hunting
    </Text>
  </View>
</View>
`;
